// Vitest Snapshot v1, https://vitest.dev/guide/snapshot.html

exports[`ui/DropdownMenu (snapshot) > renders structure 1`] = `
<body>
  <div>
    <button
      aria-expanded="false"
      aria-haspopup="menu"
      data-slot="dropdown-menu-trigger"
      data-state="closed"
      id="radix-Â«r0Â»"
      type="button"
    >
      Open
    </button>
  </div>
</body>
`;
