// Vitest Snapshot v1, https://vitest.dev/guide/snapshot.html

exports[`ui/Label (snapshot) > renders 1`] = `
<label
  class="flex items-center gap-2 text-sm leading-none font-medium select-none group-data-[disabled=true]:pointer-events-none group-data-[disabled=true]:opacity-50 peer-disabled:cursor-not-allowed peer-disabled:opacity-50"
  data-slot="label"
  for="x"
>
  Label
</label>
`;
