// Vitest Snapshot v1, https://vitest.dev/guide/snapshot.html

exports[`ui/Select (snapshot) > renders basic structure 1`] = `
<button
  aria-autocomplete="none"
  aria-controls="radix-Â«r0Â»"
  aria-expanded="false"
  class="border-input data-[placeholder]:text-muted-foreground [&_svg:not([class*='text-'])]:text-muted-foreground focus-visible:border-ring focus-visible:ring-ring/50 aria-invalid:ring-destructive/20 dark:aria-invalid:ring-destructive/40 aria-invalid:border-destructive dark:bg-input/30 dark:hover:bg-input/50 flex w-fit items-center justify-between gap-2 rounded-md border bg-transparent px-3 py-2 text-sm whitespace-nowrap shadow-xs transition-[color,box-shadow] outline-none focus-visible:ring-[3px] disabled:cursor-not-allowed disabled:opacity-50 data-[size=default]:h-9 data-[size=sm]:h-8 *:data-[slot=select-value]:line-clamp-1 *:data-[slot=select-value]:flex *:data-[slot=select-value]:items-center *:data-[slot=select-value]:gap-2 [&_svg]:pointer-events-none [&_svg]:shrink-0 [&_svg:not([class*='size-'])]:size-4"
  data-size="default"
  data-slot="select-trigger"
  data-state="closed"
  dir="ltr"
  role="combobox"
  type="button"
>
  <span
    data-slot="select-value"
    style="pointer-events: none;"
  >
    All
  </span>
  <svg
    aria-hidden="true"
    class="size-4 opacity-50"
    data-icon="chev-down"
  />
</button>
`;
