// Vitest Snapshot v1, https://vitest.dev/guide/snapshot.html

exports[`SortToggle (snapshot) > renders 1`] = `
<div
  class="inline-flex items-center gap-1"
>
  <button
    class="inline-flex items-center justify-center whitespace-nowrap font-medium transition-colors focus-visible:outline-none focus-visible:ring-1 disabled:pointer-events-none disabled:opacity-50 bg-primary text-primary-foreground shadow hover:bg-primary/90 h-8 rounded-md px-3 text-xs"
  >
    Newest
  </button>
  <button
    class="inline-flex items-center justify-center whitespace-nowrap font-medium transition-colors focus-visible:outline-none focus-visible:ring-1 disabled:pointer-events-none disabled:opacity-50 border border-input bg-background shadow-sm hover:bg-accent hover:text-accent-foreground h-8 rounded-md px-3 text-xs"
  >
    Highest Rated
  </button>
</div>
`;
